------------------------------------------------------------
Timing Analyzer Summary
------------------------------------------------------------

Type  : Slow 1200mV 85C Model Setup 'inst3|altpll_component|auto_generated|pll1|clk[0]~1'
Slack : -10.938
TNS   : -1395.152

Type  : Slow 1200mV 85C Model Setup 'inst3|altpll_component|auto_generated|pll1|clk[1]~1'
Slack : -8.522
TNS   : -75.040

Type  : Slow 1200mV 85C Model Setup 'inst3|altpll_component|auto_generated|pll1|clk[0]'
Slack : -6.202
TNS   : -673.765

Type  : Slow 1200mV 85C Model Setup 'clk50'
Slack : -4.916
TNS   : -571.615

Type  : Slow 1200mV 85C Model Setup 'inst3|altpll_component|auto_generated|pll1|clk[1]'
Slack : -3.786
TNS   : -32.417

Type  : Slow 1200mV 85C Model Setup 'processor:inst1|scanclk'
Slack : -1.150
TNS   : -1.905

Type  : Slow 1200mV 85C Model Setup 'inst8|altpll_component|auto_generated|pll1|clk[1]'
Slack : 1.882
TNS   : 0.000

Type  : Slow 1200mV 85C Model Hold 'processor:inst1|scanclk'
Slack : 0.357
TNS   : 0.000

Type  : Slow 1200mV 85C Model Hold 'clk50'
Slack : 0.358
TNS   : 0.000

Type  : Slow 1200mV 85C Model Hold 'inst8|altpll_component|auto_generated|pll1|clk[1]'
Slack : 0.362
TNS   : 0.000

Type  : Slow 1200mV 85C Model Hold 'inst3|altpll_component|auto_generated|pll1|clk[0]'
Slack : 1.273
TNS   : 0.000

Type  : Slow 1200mV 85C Model Hold 'inst3|altpll_component|auto_generated|pll1|clk[1]'
Slack : 1.306
TNS   : 0.000

Type  : Slow 1200mV 85C Model Hold 'inst3|altpll_component|auto_generated|pll1|clk[0]~1'
Slack : 4.331
TNS   : 0.000

Type  : Slow 1200mV 85C Model Hold 'inst3|altpll_component|auto_generated|pll1|clk[1]~1'
Slack : 4.508
TNS   : 0.000

Type  : Slow 1200mV 85C Model Minimum Pulse Width 'processor:inst1|scanclk'
Slack : -1.000
TNS   : -10.044

Type  : Slow 1200mV 85C Model Minimum Pulse Width 'inst8|altpll_component|auto_generated|pll1|clk[1]'
Slack : 1.536
TNS   : 0.000

Type  : Slow 1200mV 85C Model Minimum Pulse Width 'inst3|altpll_component|auto_generated|pll1|clk[1]~1'
Slack : 3.317
TNS   : 0.000

Type  : Slow 1200mV 85C Model Minimum Pulse Width 'inst3|altpll_component|auto_generated|pll1|clk[1]'
Slack : 4.746
TNS   : 0.000

Type  : Slow 1200mV 85C Model Minimum Pulse Width 'inst3|altpll_component|auto_generated|pll1|clk[0]~1'
Slack : 6.887
TNS   : 0.000

Type  : Slow 1200mV 85C Model Minimum Pulse Width 'clk80in'
Slack : 6.890
TNS   : 0.000

Type  : Slow 1200mV 85C Model Minimum Pulse Width 'inst8|altpll_component|auto_generated|pll1|clk[0]'
Slack : 7.126
TNS   : 0.000

Type  : Slow 1200mV 85C Model Minimum Pulse Width 'clk50'
Slack : 9.596
TNS   : 0.000

Type  : Slow 1200mV 85C Model Minimum Pulse Width 'inst3|altpll_component|auto_generated|pll1|clk[0]'
Slack : 9.745
TNS   : 0.000

Type  : Slow 1200mV 0C Model Setup 'inst3|altpll_component|auto_generated|pll1|clk[0]~1'
Slack : -9.774
TNS   : -1250.081

Type  : Slow 1200mV 0C Model Setup 'inst3|altpll_component|auto_generated|pll1|clk[1]~1'
Slack : -7.593
TNS   : -67.361

Type  : Slow 1200mV 0C Model Setup 'inst3|altpll_component|auto_generated|pll1|clk[0]'
Slack : -5.547
TNS   : -603.105

Type  : Slow 1200mV 0C Model Setup 'clk50'
Slack : -4.465
TNS   : -528.607

Type  : Slow 1200mV 0C Model Setup 'inst3|altpll_component|auto_generated|pll1|clk[1]'
Slack : -3.366
TNS   : -29.319

Type  : Slow 1200mV 0C Model Setup 'processor:inst1|scanclk'
Slack : -1.009
TNS   : -1.691

Type  : Slow 1200mV 0C Model Setup 'inst8|altpll_component|auto_generated|pll1|clk[1]'
Slack : 2.074
TNS   : 0.000

Type  : Slow 1200mV 0C Model Hold 'clk50'
Slack : 0.312
TNS   : 0.000

Type  : Slow 1200mV 0C Model Hold 'processor:inst1|scanclk'
Slack : 0.312
TNS   : 0.000

Type  : Slow 1200mV 0C Model Hold 'inst8|altpll_component|auto_generated|pll1|clk[1]'
Slack : 0.321
TNS   : 0.000

Type  : Slow 1200mV 0C Model Hold 'inst3|altpll_component|auto_generated|pll1|clk[0]'
Slack : 1.195
TNS   : 0.000

Type  : Slow 1200mV 0C Model Hold 'inst3|altpll_component|auto_generated|pll1|clk[1]'
Slack : 1.267
TNS   : 0.000

Type  : Slow 1200mV 0C Model Hold 'inst3|altpll_component|auto_generated|pll1|clk[0]~1'
Slack : 3.940
TNS   : 0.000

Type  : Slow 1200mV 0C Model Hold 'inst3|altpll_component|auto_generated|pll1|clk[1]~1'
Slack : 4.137
TNS   : 0.000

Type  : Slow 1200mV 0C Model Minimum Pulse Width 'processor:inst1|scanclk'
Slack : -1.000
TNS   : -10.040

Type  : Slow 1200mV 0C Model Minimum Pulse Width 'inst8|altpll_component|auto_generated|pll1|clk[1]'
Slack : 1.532
TNS   : 0.000

Type  : Slow 1200mV 0C Model Minimum Pulse Width 'inst3|altpll_component|auto_generated|pll1|clk[1]~1'
Slack : 3.314
TNS   : 0.000

Type  : Slow 1200mV 0C Model Minimum Pulse Width 'inst3|altpll_component|auto_generated|pll1|clk[1]'
Slack : 4.743
TNS   : 0.000

Type  : Slow 1200mV 0C Model Minimum Pulse Width 'clk80in'
Slack : 6.851
TNS   : 0.000

Type  : Slow 1200mV 0C Model Minimum Pulse Width 'inst3|altpll_component|auto_generated|pll1|clk[0]~1'
Slack : 6.886
TNS   : 0.000

Type  : Slow 1200mV 0C Model Minimum Pulse Width 'inst8|altpll_component|auto_generated|pll1|clk[0]'
Slack : 7.090
TNS   : 0.000

Type  : Slow 1200mV 0C Model Minimum Pulse Width 'clk50'
Slack : 9.595
TNS   : 0.000

Type  : Slow 1200mV 0C Model Minimum Pulse Width 'inst3|altpll_component|auto_generated|pll1|clk[0]'
Slack : 9.744
TNS   : 0.000

Type  : Fast 1200mV 0C Model Setup 'inst3|altpll_component|auto_generated|pll1|clk[0]~1'
Slack : -6.813
TNS   : -827.312

Type  : Fast 1200mV 0C Model Setup 'inst3|altpll_component|auto_generated|pll1|clk[1]~1'
Slack : -5.226
TNS   : -46.053

Type  : Fast 1200mV 0C Model Setup 'inst3|altpll_component|auto_generated|pll1|clk[0]'
Slack : -4.072
TNS   : -432.165

Type  : Fast 1200mV 0C Model Setup 'clk50'
Slack : -3.402
TNS   : -385.975

Type  : Fast 1200mV 0C Model Setup 'inst3|altpll_component|auto_generated|pll1|clk[1]'
Slack : -2.485
TNS   : -21.385

Type  : Fast 1200mV 0C Model Setup 'processor:inst1|scanclk'
Slack : -0.305
TNS   : -0.305

Type  : Fast 1200mV 0C Model Setup 'inst8|altpll_component|auto_generated|pll1|clk[1]'
Slack : 2.624
TNS   : 0.000

Type  : Fast 1200mV 0C Model Hold 'clk50'
Slack : 0.186
TNS   : 0.000

Type  : Fast 1200mV 0C Model Hold 'processor:inst1|scanclk'
Slack : 0.187
TNS   : 0.000

Type  : Fast 1200mV 0C Model Hold 'inst8|altpll_component|auto_generated|pll1|clk[1]'
Slack : 0.193
TNS   : 0.000

Type  : Fast 1200mV 0C Model Hold 'inst3|altpll_component|auto_generated|pll1|clk[0]'
Slack : 0.576
TNS   : 0.000

Type  : Fast 1200mV 0C Model Hold 'inst3|altpll_component|auto_generated|pll1|clk[1]'
Slack : 0.603
TNS   : 0.000

Type  : Fast 1200mV 0C Model Hold 'inst3|altpll_component|auto_generated|pll1|clk[0]~1'
Slack : 2.443
TNS   : 0.000

Type  : Fast 1200mV 0C Model Hold 'inst3|altpll_component|auto_generated|pll1|clk[1]~1'
Slack : 2.551
TNS   : 0.000

Type  : Fast 1200mV 0C Model Minimum Pulse Width 'processor:inst1|scanclk'
Slack : -1.000
TNS   : -10.048

Type  : Fast 1200mV 0C Model Minimum Pulse Width 'inst8|altpll_component|auto_generated|pll1|clk[1]'
Slack : 1.569
TNS   : 0.000

Type  : Fast 1200mV 0C Model Minimum Pulse Width 'inst3|altpll_component|auto_generated|pll1|clk[1]~1'
Slack : 3.345
TNS   : 0.000

Type  : Fast 1200mV 0C Model Minimum Pulse Width 'inst3|altpll_component|auto_generated|pll1|clk[1]'
Slack : 4.774
TNS   : 0.000

Type  : Fast 1200mV 0C Model Minimum Pulse Width 'clk80in'
Slack : 6.560
TNS   : 0.000

Type  : Fast 1200mV 0C Model Minimum Pulse Width 'inst3|altpll_component|auto_generated|pll1|clk[0]~1'
Slack : 6.923
TNS   : 0.000

Type  : Fast 1200mV 0C Model Minimum Pulse Width 'inst8|altpll_component|auto_generated|pll1|clk[0]'
Slack : 7.097
TNS   : 0.000

Type  : Fast 1200mV 0C Model Minimum Pulse Width 'clk50'
Slack : 9.272
TNS   : 0.000

Type  : Fast 1200mV 0C Model Minimum Pulse Width 'inst3|altpll_component|auto_generated|pll1|clk[0]'
Slack : 9.781
TNS   : 0.000

------------------------------------------------------------
